// Jest Snapshot v1, https://goo.gl/fbAQLP

exports[`mutations createPost 1`] = `
Object {
  "data": null,
  "errors": Array [
    [GraphQLError: Cannot read property 'createOne' of undefined],
  ],
  "extensions": undefined,
  "http": Object {
    "headers": Headers {
      Symbol(map): Object {},
    },
  },
}
`;
